../Core/Src/main.c:23:7:LM35TempCal	24	static
../Core/Src/main.c:33:5:main	8	static
../Core/Src/main.c:59:6:HAL_ADC_ConvCpltCallback	24	static
../Core/Src/main.c:71:6:SystemClock_Config	88	static
../Core/Src/main.c:118:13:MX_ADC1_Init	24	static
../Core/Src/main.c:165:13:MX_TIM3_Init	32	static
../Core/Src/main.c:210:13:MX_USART1_UART_Init	8	static
../Core/Src/main.c:241:13:MX_DMA_Init	16	static
../Core/Src/main.c:259:13:MX_GPIO_Init	16	static
../Core/Src/main.c:280:6:Error_Handler	4	static,ignoring_inline_asm
